============================= test session starts =============================
platform win32 -- Python 3.11.4, pytest-7.4.4, pluggy-1.6.0 -- C:\Users\jumpy\Desktop\Mustafo stuff\Intel\technical\optimum-intel\venv\Scripts\python.exe
cachedir: .pytest_cache
rootdir: C:\Users\jumpy\Desktop\Mustafo stuff\Intel\technical\optimum-intel
configfile: pyproject.toml
plugins: anyio-4.12.0, langsmith-0.4.50
collecting ... collected 1 item

Using a slow image processor as `use_fast` is unset and a slow processor was saved with this model. `use_fast=True` will be the default behavior in v4.52, even if the model was saved with a slow processor. This will result in minor differences in outputs. You'll still be able to use a slow processor with `use_fast=False`.
`loss_type=None` was set in the config but it is unrecognised.Using the default loss: `ForCausalLMLoss`.
`generation_config` default values have been modified to match model-specific defaults: {'bos_token_id': 151643}. If this is not desired, please set these values explicitly.
tests/openvino/test_seq2seq.py::OVModelForVisualCausalLMIntegrationTest::test_compare_to_transformers_17_minicpmo FAILED

================================== FAILURES ===================================
_ OVModelForVisualCausalLMIntegrationTest.test_compare_to_transformers_17_minicpmo _

a = (<test_seq2seq.OVModelForVisualCausalLMIntegrationTest testMethod=test_compare_to_transformers_17_minicpmo>,)
kw = {}

    @wraps(func)
    def standalone_func(*a, **kw):
>       return func(*(a + p.args), **p.kwargs, **kw)

venv\Lib\site-packages\parameterized\parameterized.py:620: 
_ _ _ _ _ _ _ _ _ _ _ _ _ _ _ _ _ _ _ _ _ _ _ _ _ _ _ _ _ _ _ _ _ _ _ _ _ _ _ _
tests\openvino\test_seq2seq.py:677: in test_compare_to_transformers
    transformers_outputs = transformers_model.generate(
C:\Users\jumpy\.cache\huggingface\modules\transformers_modules\openbmb\MiniCPM-o-2_6\509805e84db1c84f154034d71a21c4f2331e6e11\modeling_minicpmo.py:807: in generate
    model_inputs["inputs_embeds"], vision_hidden_states = self.get_vllm_embedding(model_inputs)
C:\Users\jumpy\.cache\huggingface\modules\transformers_modules\openbmb\MiniCPM-o-2_6\509805e84db1c84f154034d71a21c4f2331e6e11\modeling_minicpmo.py:378: in get_vllm_embedding
    vllm_embedding = self.llm.model.embed_tokens(data["input_ids"])
venv\Lib\site-packages\torch\nn\modules\module.py:1775: in _wrapped_call_impl
    return self._call_impl(*args, **kwargs)
venv\Lib\site-packages\torch\nn\modules\module.py:1786: in _call_impl
    return forward_call(*args, **kwargs)
venv\Lib\site-packages\torch\nn\modules\sparse.py:192: in forward
    return F.embedding(
_ _ _ _ _ _ _ _ _ _ _ _ _ _ _ _ _ _ _ _ _ _ _ _ _ _ _ _ _ _ _ _ _ _ _ _ _ _ _ _

input = tensor([[151644,   8948,    198,   2610,    525,   1207,  16948,     11,   3465,
            553,  54364,  14817,     ...,    374,   6839,    304,    419,   2168,     30,
         151645,    198, 151644,  77091,    198]], dtype=torch.int32)
weight = Parameter containing:
tensor([[ 9.0599e-05, -3.6865e-02, -2.4414e-03,  ..., -1.0803e-02,
         -4.0588e-03,  3.2715...    [ 4.1016e-02, -9.3994e-03,  1.5991e-02,  ...,  2.0630e-02,
         -3.9307e-02, -1.9897e-02]], requires_grad=True)
padding_idx = -1, max_norm = None, norm_type = 2.0, scale_grad_by_freq = False
sparse = False

    def embedding(
        input: Tensor,
        weight: Tensor,
        padding_idx: Optional[int] = None,
        max_norm: Optional[float] = None,
        norm_type: float = 2.0,
        scale_grad_by_freq: bool = False,
        sparse: bool = False,
    ) -> Tensor:
        r"""Generate a simple lookup table that looks up embeddings in a fixed dictionary and size.
    
        This module is often used to retrieve word embeddings using indices.
        The input to the module is a list of indices, and the embedding matrix,
        and the output is the corresponding word embeddings.
    
        See :class:`torch.nn.Embedding` for more details.
    
        .. note::
            Note that the analytical gradients of this function with respect to
            entries in :attr:`weight` at the row specified by :attr:`padding_idx`
            are expected to differ from the numerical ones.
    
        .. note::
            Note that `:class:`torch.nn.Embedding` differs from this function in
            that it initializes the row of :attr:`weight` specified by
            :attr:`padding_idx` to all zeros on construction.
    
        Args:
            input (LongTensor): Tensor containing indices into the embedding matrix
            weight (Tensor): The embedding matrix with number of rows equal to the maximum possible index + 1,
                and number of columns equal to the embedding size
            padding_idx (int, optional): If specified, the entries at :attr:`padding_idx` do not contribute to the gradient;
                                         therefore, the embedding vector at :attr:`padding_idx` is not updated during training,
                                         i.e. it remains as a fixed "pad".
            max_norm (float, optional): If given, each embedding vector with norm larger than :attr:`max_norm`
                                        is renormalized to have norm :attr:`max_norm`.
                                        Note: this will modify :attr:`weight` in-place.
            norm_type (float, optional): The p of the p-norm to compute for the :attr:`max_norm` option. Default ``2``.
            scale_grad_by_freq (bool, optional): If given, this will scale gradients by the inverse of frequency of
                                                    the words in the mini-batch. Default ``False``.
            sparse (bool, optional): If ``True``, gradient w.r.t. :attr:`weight` will be a sparse tensor. See Notes under
                                     :class:`torch.nn.Embedding` for more details regarding sparse gradients.
    
        Shape:
            - Input: LongTensor of arbitrary shape containing the indices to extract
            - Weight: Embedding matrix of floating point type with shape `(V, embedding_dim)`,
              where V = maximum index + 1 and embedding_dim = the embedding size
            - Output: `(*, embedding_dim)`, where `*` is the input shape
    
        Examples::
    
            >>> # a batch of 2 samples of 4 indices each
            >>> input = torch.tensor([[1, 2, 4, 5], [4, 3, 2, 9]])
            >>> # an embedding matrix containing 10 tensors of size 3
            >>> embedding_matrix = torch.rand(10, 3)
            >>> # xdoctest: +IGNORE_WANT("non-deterministic")
            >>> F.embedding(input, embedding_matrix)
            tensor([[[ 0.8490,  0.9625,  0.6753],
                     [ 0.9666,  0.7761,  0.6108],
                     [ 0.6246,  0.9751,  0.3618],
                     [ 0.4161,  0.2419,  0.7383]],
    
                    [[ 0.6246,  0.9751,  0.3618],
                     [ 0.0237,  0.7794,  0.0528],
                     [ 0.9666,  0.7761,  0.6108],
                     [ 0.3385,  0.8612,  0.1867]]])
    
            >>> # example with padding_idx
            >>> weights = torch.rand(10, 3)
            >>> weights[0, :].zero_()
            >>> embedding_matrix = weights
            >>> input = torch.tensor([[0, 2, 0, 5]])
            >>> F.embedding(input, embedding_matrix, padding_idx=0)
            tensor([[[ 0.0000,  0.0000,  0.0000],
                     [ 0.5609,  0.5384,  0.8720],
                     [ 0.0000,  0.0000,  0.0000],
                     [ 0.6262,  0.2438,  0.7471]]])
        """
        if has_torch_function_variadic(input, weight):
            return handle_torch_function(
                embedding,
                (input, weight),
                input,
                weight,
                padding_idx=padding_idx,
                max_norm=max_norm,
                norm_type=norm_type,
                scale_grad_by_freq=scale_grad_by_freq,
                sparse=sparse,
            )
        if padding_idx is not None:
            if padding_idx > 0:
                assert padding_idx < weight.size(0), (
                    "Padding_idx must be within num_embeddings"
                )
            elif padding_idx < 0:
                assert padding_idx >= -weight.size(0), (
                    "Padding_idx must be within num_embeddings"
                )
                padding_idx = weight.size(0) + padding_idx
        else:
            padding_idx = -1
        if max_norm is not None:
            # Note [embedding_renorm contiguous]
            # `embedding_renorm_` will call .contiguous() on input anyways, so we
            # call it here and take advantage of the improved locality in the
            # `embedding` call below too.
            input = input.contiguous()
            # Note [embedding_renorm set_grad_enabled]
            # XXX: equivalent to
            # with torch.no_grad():
            #   torch.embedding_renorm_
            # remove once script supports set_grad_enabled
            _no_grad_embedding_renorm_(weight, input, max_norm, norm_type)
>       return torch.embedding(weight, input, padding_idx, scale_grad_by_freq, sparse)
E       IndexError: index out of range in self

venv\Lib\site-packages\torch\nn\functional.py:2542: IndexError
------------------------------ Captured log call ------------------------------
ERROR    openvino.frontend.pytorch.utils:utils.py:210 Failed to build model wrapper.
============================== warnings summary ===============================
venv\Lib\site-packages\openvino\runtime\__init__.py:10
  C:\Users\jumpy\Desktop\Mustafo stuff\Intel\technical\optimum-intel\venv\Lib\site-packages\openvino\runtime\__init__.py:10: DeprecationWarning: The `openvino.runtime` module is deprecated and will be removed in the 2026.0 release. Please replace `openvino.runtime` with `openvino`.
    warnings.warn(

tests/openvino/test_seq2seq.py::OVModelForVisualCausalLMIntegrationTest::test_compare_to_transformers_17_minicpmo
tests/openvino/test_seq2seq.py::OVModelForVisualCausalLMIntegrationTest::test_compare_to_transformers_17_minicpmo
tests/openvino/test_seq2seq.py::OVModelForVisualCausalLMIntegrationTest::test_compare_to_transformers_17_minicpmo
tests/openvino/test_seq2seq.py::OVModelForVisualCausalLMIntegrationTest::test_compare_to_transformers_17_minicpmo
  <unknown>:313: DeprecationWarning: invalid escape sequence '\('

tests/openvino/test_seq2seq.py::OVModelForVisualCausalLMIntegrationTest::test_compare_to_transformers_17_minicpmo
tests/openvino/test_seq2seq.py::OVModelForVisualCausalLMIntegrationTest::test_compare_to_transformers_17_minicpmo
tests/openvino/test_seq2seq.py::OVModelForVisualCausalLMIntegrationTest::test_compare_to_transformers_17_minicpmo
tests/openvino/test_seq2seq.py::OVModelForVisualCausalLMIntegrationTest::test_compare_to_transformers_17_minicpmo
  <unknown>:315: DeprecationWarning: invalid escape sequence '\('

tests/openvino/test_seq2seq.py::OVModelForVisualCausalLMIntegrationTest::test_compare_to_transformers_17_minicpmo
  C:\Users\jumpy\Desktop\Mustafo stuff\Intel\technical\optimum-intel\venv\Lib\site-packages\transformers\models\auto\image_processing_auto.py:604: FutureWarning: The image_processor_class argument is deprecated and will be removed in v4.42. Please use `slow_image_processor_class`, or `fast_image_processor_class` instead
    warnings.warn(

tests/openvino/test_seq2seq.py::OVModelForVisualCausalLMIntegrationTest::test_compare_to_transformers_17_minicpmo
  C:\Users\jumpy\.cache\huggingface\modules\transformers_modules\openbmb\MiniCPM-o-2_6\509805e84db1c84f154034d71a21c4f2331e6e11\resampler.py:490: TracerWarning: Converting a tensor to a Python boolean might cause the trace to be incorrect. We can't record the data flow of Python values, so this value will be treated as a constant in the future. This means that the trace might not generalize to other inputs!
    embed_dim == embed_dim_to_check

tests/openvino/test_seq2seq.py::OVModelForVisualCausalLMIntegrationTest::test_compare_to_transformers_17_minicpmo
  C:\Users\jumpy\.cache\huggingface\modules\transformers_modules\openbmb\MiniCPM-o-2_6\509805e84db1c84f154034d71a21c4f2331e6e11\resampler.py:497: TracerWarning: Converting a tensor to a Python boolean might cause the trace to be incorrect. We can't record the data flow of Python values, so this value will be treated as a constant in the future. This means that the trace might not generalize to other inputs!
    assert head_dim * num_heads == embed_dim, f"embed_dim {embed_dim} not divisible by num_heads {num_heads}"

tests/openvino/test_seq2seq.py::OVModelForVisualCausalLMIntegrationTest::test_compare_to_transformers_17_minicpmo
  C:\Users\jumpy\.cache\huggingface\modules\transformers_modules\openbmb\MiniCPM-o-2_6\509805e84db1c84f154034d71a21c4f2331e6e11\resampler.py:504: TracerWarning: Converting a tensor to a Python boolean might cause the trace to be incorrect. We can't record the data flow of Python values, so this value will be treated as a constant in the future. This means that the trace might not generalize to other inputs!
    assert key.shape == value.shape, f"key shape {key.shape} does not match value shape {value.shape}"

tests/openvino/test_seq2seq.py::OVModelForVisualCausalLMIntegrationTest::test_compare_to_transformers_17_minicpmo
  C:\Users\jumpy\.cache\huggingface\modules\transformers_modules\openbmb\MiniCPM-o-2_6\509805e84db1c84f154034d71a21c4f2331e6e11\resampler.py:594: TracerWarning: Converting a tensor to a Python boolean might cause the trace to be incorrect. We can't record the data flow of Python values, so this value will be treated as a constant in the future. This means that the trace might not generalize to other inputs!
    assert key_padding_mask.shape == (

tests/openvino/test_seq2seq.py::OVModelForVisualCausalLMIntegrationTest::test_compare_to_transformers_17_minicpmo
  C:\Users\jumpy\.cache\huggingface\modules\transformers_modules\openbmb\MiniCPM-o-2_6\509805e84db1c84f154034d71a21c4f2331e6e11\resampler.py:618: TracerWarning: Converting a tensor to a Python float might cause the trace to be incorrect. We can't record the data flow of Python values, so this value will be treated as a constant in the future. This means that the trace might not generalize to other inputs!
    q_scaled = q / math.sqrt(E)

tests/openvino/test_seq2seq.py::OVModelForVisualCausalLMIntegrationTest::test_compare_to_transformers_17_minicpmo
  C:\Users\jumpy\Desktop\Mustafo stuff\Intel\technical\optimum-intel\venv\Lib\site-packages\transformers\cache_utils.py:457: TracerWarning: Converting a tensor to a Python boolean might cause the trace to be incorrect. We can't record the data flow of Python values, so this value will be treated as a constant in the future. This means that the trace might not generalize to other inputs!
    or not self.key_cache[layer_idx].numel()  # the layer has no cache

tests/openvino/test_seq2seq.py::OVModelForVisualCausalLMIntegrationTest::test_compare_to_transformers_17_minicpmo
  C:\Users\jumpy\Desktop\Mustafo stuff\Intel\technical\optimum-intel\venv\Lib\site-packages\transformers\models\qwen2\modeling_qwen2.py:719: TracerWarning: Converting a tensor to a Python boolean might cause the trace to be incorrect. We can't record the data flow of Python values, so this value will be treated as a constant in the future. This means that the trace might not generalize to other inputs!
    if attention_mask.shape[-1] > target_length:

tests/openvino/test_seq2seq.py::OVModelForVisualCausalLMIntegrationTest::test_compare_to_transformers_17_minicpmo
  C:\Users\jumpy\Desktop\Mustafo stuff\Intel\technical\optimum-intel\venv\Lib\site-packages\transformers\cache_utils.py:440: TracerWarning: Converting a tensor to a Python boolean might cause the trace to be incorrect. We can't record the data flow of Python values, so this value will be treated as a constant in the future. This means that the trace might not generalize to other inputs!
    elif (

tests/openvino/test_seq2seq.py::OVModelForVisualCausalLMIntegrationTest::test_compare_to_transformers_17_minicpmo
  C:\Users\jumpy\Desktop\Mustafo stuff\Intel\technical\optimum-intel\venv\Lib\site-packages\transformers\integrations\sdpa_attention.py:47: TracerWarning: Converting a tensor to a Python boolean might cause the trace to be incorrect. We can't record the data flow of Python values, so this value will be treated as a constant in the future. This means that the trace might not generalize to other inputs!
    is_causal = query.shape[2] > 1 and causal_mask is None

-- Docs: https://docs.pytest.org/en/stable/how-to/capture-warnings.html
=========================== short test summary info ===========================
FAILED tests/openvino/test_seq2seq.py::OVModelForVisualCausalLMIntegrationTest::test_compare_to_transformers_17_minicpmo
!!!!!!!!!!!!!!!!!!!!!!!!!! stopping after 1 failures !!!!!!!!!!!!!!!!!!!!!!!!!!
======================= 1 failed, 19 warnings in 54.86s =======================
